// Jest Snapshot v1, https://goo.gl/fbAQLP

exports[`<ResourceSwitcher /> should match snapshot 1`] = `
<div>
  <div
    class="MuiPaper-root makeStyles-root-6 MuiPaper-elevation1 MuiPaper-rounded"
  >
    <div
      class="MuiTabs-root"
    >
      <div
        class="MuiTabs-scroller MuiTabs-fixed"
        style="overflow: hidden;"
      >
        <div
          class="MuiTabs-flexContainer MuiTabs-centered"
          role="tablist"
        >
          <button
            aria-selected="true"
            class="MuiButtonBase-root MuiTab-root MuiTab-textColorPrimary Mui-selected"
            data-testid="test1"
            role="tab"
            tabindex="0"
            type="button"
          >
            <span
              class="MuiTab-wrapper"
            >
              Test1
            </span>
            <span
              class="MuiTouchRipple-root"
            />
          </button>
          <button
            aria-selected="false"
            class="MuiButtonBase-root MuiTab-root MuiTab-textColorPrimary"
            data-testid="test2"
            role="tab"
            tabindex="-1"
            type="button"
          >
            <span
              class="MuiTab-wrapper"
            >
              Test2
            </span>
            <span
              class="MuiTouchRipple-root"
            />
          </button>
        </div>
        <span
          class="PrivateTabIndicator-root-7 PrivateTabIndicator-colorPrimary-8 MuiTabs-indicator"
          style="left: 0px; width: 0px;"
        />
      </div>
    </div>
  </div>
</div>
`;
