// Jest Snapshot v1, https://goo.gl/fbAQLP

exports[`<Header /> matches the snapshot 1`] = `
<div>
  <header
    class="MuiPaper-root MuiAppBar-root MuiAppBar-positionStatic MuiAppBar-colorDefault MuiPaper-elevation4"
  >
    <div
      class="MuiToolbar-root makeStyles-toolbarRoot-2 MuiToolbar-regular MuiToolbar-gutters"
    >
      <a
        href="/"
      >
        <div
          style="display: inline-block; max-width: 100%; overflow: hidden; position: relative; box-sizing: border-box; margin: 0px;"
        >
          <div
            style="box-sizing: border-box; display: block; max-width: 100%;"
          >
            <img
              alt=""
              aria-hidden="true"
              role="presentation"
              src="data:image/svg+xml;base64,PHN2ZyB3aWR0aD0iMjAwIiBoZWlnaHQ9Ijg2IiB4bWxucz0iaHR0cDovL3d3dy53My5vcmcvMjAwMC9zdmciIHZlcnNpb249IjEuMSIvPg=="
              style="max-width: 100%; display: block; margin: 0px; padding: 0px;"
            />
          </div>
          <img
            alt="Star Wars"
            decoding="async"
            src="/_next/image?url=%2Flogo.png&w=640&q=75"
            srcset="/_next/image?url=%2Flogo.png&w=256&q=75 1x, /_next/image?url=%2Flogo.png&w=640&q=75 2x"
            style="visibility: inherit; position: absolute; top: 0px; left: 0px; bottom: 0px; right: 0px; box-sizing: border-box; padding: 0px; margin: auto; display: block; width: 0px; height: 0px; min-width: 100%; max-width: 100%; min-height: 100%; max-height: 100%;"
          />
        </div>
      </a>
    </div>
  </header>
</div>
`;
