// Jest Snapshot v1, https://goo.gl/fbAQLP

exports[`<GameCard /> should match snapshot 1`] = `
<div>
  <div
    class="MuiPaper-root MuiCard-root MuiPaper-outlined MuiPaper-rounded"
    data-testid="game-card"
  >
    <div
      class="MuiCardHeader-root"
    >
      <div
        class="MuiCardHeader-content"
      >
        <span
          class="MuiTypography-root MuiCardHeader-title MuiTypography-h5 MuiTypography-colorInherit MuiTypography-alignCenter MuiTypography-displayBlock"
        >
          test
        </span>
      </div>
    </div>
  </div>
</div>
`;
