// Jest Snapshot v1, https://goo.gl/fbAQLP

exports[`<Layout /> should match snapshot 1`] = `
<div>
  <div
    class="makeStyles-root-2"
  >
    <span>
      Layout
    </span>
  </div>
</div>
`;
