// Jest Snapshot v1, https://goo.gl/fbAQLP

exports[`<ErrorInfo /> matches the snapshot 1`] = `
<div>
  <div
    class="makeStyles-root-3"
  >
    <div
      style="display: inline-block; max-width: 100%; overflow: hidden; position: relative; box-sizing: border-box; margin: 0px;"
    >
      <div
        style="box-sizing: border-box; display: block; max-width: 100%;"
      >
        <img
          alt=""
          aria-hidden="true"
          role="presentation"
          src="data:image/svg+xml;base64,PHN2ZyB3aWR0aD0iMjkzIiBoZWlnaHQ9IjMwMCIgeG1sbnM9Imh0dHA6Ly93d3cudzMub3JnLzIwMDAvc3ZnIiB2ZXJzaW9uPSIxLjEiLz4="
          style="max-width: 100%; display: block; margin: 0px; padding: 0px;"
        />
      </div>
      <img
        alt="Something went wrong"
        data-testid="image"
        decoding="async"
        src="data:image/gif;base64,R0lGODlhAQABAIAAAAAAAP///yH5BAEAAAAALAAAAAABAAEAAAIBRAA7"
        style="visibility: hidden; position: absolute; top: 0px; left: 0px; bottom: 0px; right: 0px; box-sizing: border-box; padding: 0px; margin: auto; display: block; width: 0px; height: 0px; min-width: 100%; max-width: 100%; min-height: 100%; max-height: 100%;"
      />
    </div>
    <h4
      class="MuiTypography-root makeStyles-title-4 MuiTypography-h4 MuiTypography-colorTextSecondary MuiTypography-gutterBottom MuiTypography-alignCenter"
      data-testid="title"
    >
      Test
    </h4>
    <p
      class="MuiTypography-root MuiTypography-body1 MuiTypography-colorTextSecondary MuiTypography-alignCenter"
      data-testid="message"
    >
      Test
    </p>
  </div>
</div>
`;
